#-----------------------------------------------------------
# Vivado v2020.2 (64-bit)
# SW Build 3064766 on Wed Nov 18 09:12:45 MST 2020
# IP Build 3064653 on Wed Nov 18 14:17:31 MST 2020
# Start of session at: Tue Mar  2 18:11:37 2021
# Process ID: 10972
# Current directory: D:/Skola-GIT/Digital-electronics-1/Labs/03-vivado/Balaz_CV3_Vivado
# Command line: vivado.exe -gui_launcher_event rodinguilauncherevent840 D:\Skola-GIT\Digital-electronics-1\Labs\03-vivado\Balaz_CV3_Vivado\Balaz_CV3_Vivado.xpr
# Log file: D:/Skola-GIT/Digital-electronics-1/Labs/03-vivado/Balaz_CV3_Vivado/vivado.log
# Journal file: D:/Skola-GIT/Digital-electronics-1/Labs/03-vivado/Balaz_CV3_Vivado\vivado.jou
#-----------------------------------------------------------
start_gui
open_project D:/Skola-GIT/Digital-electronics-1/Labs/03-vivado/Balaz_CV3_Vivado/Balaz_CV3_Vivado.xpr
update_compile_order -fileset sources_1
launch_simulation
open_wave_config C:/Users/Dominik/Cvicenie_3/tb_comparator_2bit_behav.wcfg
source tb_comparator_2bit.tcl
close_sim
