#-----------------------------------------------------------
# Vivado v2020.2 (64-bit)
# SW Build 3064766 on Wed Nov 18 09:12:45 MST 2020
# IP Build 3064653 on Wed Nov 18 14:17:31 MST 2020
# Start of session at: Tue Apr  6 14:48:38 2021
# Process ID: 8144
# Current directory: D:/Skola-GIT/Digital-electronics-1/Labs/08- traffic_lights/Vivado/traffic
# Command line: vivado.exe -gui_launcher_event rodinguilauncherevent7496 D:\Skola-GIT\Digital-electronics-1\Labs\08- traffic_lights\Vivado\traffic\traffic.xpr
# Log file: D:/Skola-GIT/Digital-electronics-1/Labs/08- traffic_lights/Vivado/traffic/vivado.log
# Journal file: D:/Skola-GIT/Digital-electronics-1/Labs/08- traffic_lights/Vivado/traffic\vivado.jou
#-----------------------------------------------------------
start_gui
open_project {D:/Skola-GIT/Digital-electronics-1/Labs/08- traffic_lights/Vivado/traffic/traffic.xpr}
update_compile_order -fileset sources_1
launch_simulation
source tlc.tcl
close_sim
launch_simulation
source tlc.tcl
close_sim
set_property SOURCE_SET sources_1 [get_filesets sim_1]
close [ open {D:/Skola-GIT/Digital-electronics-1/Labs/08- traffic_lights/Vivado/traffic/traffic.srcs/sim_1/new/tb_tlc.vhd} w ]
add_files -fileset sim_1 {{D:/Skola-GIT/Digital-electronics-1/Labs/08- traffic_lights/Vivado/traffic/traffic.srcs/sim_1/new/tb_tlc.vhd}}
update_compile_order -fileset sim_1
update_compile_order -fileset sim_1
launch_simulation
source tb_tlc.tcl
close_sim
launch_simulation
source tb_tlc.tcl
close_sim
launch_simulation
source tb_tlc.tcl
close_sim
close [ open {D:/Skola-GIT/Digital-electronics-1/Labs/08- traffic_lights/Vivado/traffic/traffic.srcs/sources_1/new/smart_traffic.vhd} w ]
add_files {{D:/Skola-GIT/Digital-electronics-1/Labs/08- traffic_lights/Vivado/traffic/traffic.srcs/sources_1/new/smart_traffic.vhd}}
update_compile_order -fileset sources_1
update_compile_order -fileset sources_1
update_compile_order -fileset sources_1
